[SERVER] ENTER_NAME
[SERVER] HELLO NAME=Carol
AUCTION_START ITEM= Laptop
TIME_LEFT ITEM= 19
TIME_LEFT ITEM= 19
TIME_LEFT ITEM= 18
TIME_LEFT ITEM= 18
TIME_LEFT ITEM= 17
TIME_LEFT ITEM= 17
TIME_LEFT ITEM= 16
TIME_LEFT ITEM= 16
TIME_LEFT ITEM= 15
TIME_LEFT ITEM= 15
TIME_LEFT ITEM= 14
TIME_LEFT ITEM= 14
TIME_LEFT ITEM= 13
TIME_LEFT ITEM= 13
TIME_LEFT ITEM= 12
TIME_LEFT ITEM= 12
VIEW
Bob, 600, <socket.socket fd=5, family=2, type=1, proto=0, laddr=('127.0.0.1', 5000), raddr=('127.0.0.1', 55508)>
TIME_LEFT ITEM= 11
TIME_LEFT ITEM= 11
BID
NEW_BID NAME=Alice PRICE=650
TIME_LEFT ITEM= 10
TIME_LEFT ITEM= 10
BID
ERROR BID_TOO_LOW
TIME_LEFT ITEM= 9
TIME_LEFT ITEM= 9
TIME_LEFT ITEM= 8
TIME_LEFT ITEM= 8
TIME_LEFT ITEM= 7
TIME_LEFT ITEM= 7
TIME_LEFT ITEM= 6
TIME_LEFT ITEM= 6
TIME_LEFT ITEM= 5
TIME_LEFT ITEM= 5
BID
