[SERVER] ENTER_NAME
[SERVER] HELLO NAME=AlicAUAUCTION_START ITEM= Laptop
TIME_LEFT ITEM= 1TITIME_LEFT ITEM= 1TITIME_LEFT ITEM= 1TITIME_LEFT ITEM= 1VITIME_LEFT ITEM= 17
TIME_LEFT ITEM= 17
TIME_LEFT ITEM= 16
TIME_LEFT ITEM= 16
TIME_LEFT ITEM= 15
TIME_LEFT ITEM= 15
TIME_LEFT ITEM= 14
TIME_LEFT ITEM= 14
TIME_LEFT ITEM= 13
TIME_LEFT ITEM= 13
TIME_LEFT ITEM= 12
TIME_LEFT ITEM= 12
VIEW
Laptop, 500, None
TIME_LEFTIME_LEFT ITIME_LTIME_LEFT ITEBID
TIMETIME_LEFT ITEM=TIMETIME_LEFT ITEM=BID
TIME_LEFT ITEM= 9
TIME_LEFT ITEM= 9
TIME_LEFT ITEM= 8
TIME_LEFT ITEM= 8
TIME_LEFT ITEM= 7
TIME_LEFT ITEM= 7
TIME_LEFT ITEM= 6
TIME_LEFT ITEM= 6
TIME_LEFT ITEM= 5
TIME_LEFT ITEM= 5
BID
