[SERVER] ENTER_NAME
[SERVER] HELLO NAME=Bob
AUCTION_START ITEM= Laptop
TIME_LEFT ITEM= 19
TIME_LEFT ITEM= 19
TIME_LEFT ITEM= 18
TIME_LEFT ITEM= 18
VIEW
Carol, 550, <socket.socket fd=6, family=2, type=1, proto=0, laddr=('127.0.0.1', 5000), raddr=('127.0.0.1', 51498)>
TIME_LEFT ITEM= 17
TIME_LEFT ITEM= 17
BID
NEW_BID NAME=Bob PRICE=600
TIME_LEFT ITEM= 16
TIME_LEFT ITEM= 16
BID
BID_TOO_LOW
TIME_LEFT ITEM= 15
TIME_LEFT ITEM= 15
TIME_LEFT ITEM= 15
TIME_LEFT ITEM= 15
TIME_LEFT ITEM= 14
TIME_LEFT ITEM= 14
TIME_LEFT ITEM= 13
TIME_LEFT ITEM= 13
TIME_LEFT ITEM= 12
TIME_LEFT ITEM= 12
PASS
