SERVER 0 IS LISTENING
SERVER 1 IS LISTENING
SERVER 2 IS LISTENING
[SERVER] CLIENT_REGISTERED NAME=Bob ADDR=('127.0.0.1', 51494)
[SERVER] CLIENT_REGISTERED NAME=Carol ADDR=('127.0.0.1', 51512)
[SERVER] CLIENT_REGISTERED NAME=Alice ADDR=('127.0.0.1', 51498)
AUCTION_START ITEM= Laptop
TIME_LEFT ITEM= 19
TIME_LEFT ITEM= 19
VIEW
TIME_LEFT ITEM= 18
TIME_LEFT ITEM= 18
BID
VIEW
TIME_LEFT ITEM= 17
TIME_LEFT ITEM= 17
BID
BID
TIME_LEFT ITEM= 16
TIME_LEFT ITEM= 16
BID
TIME_LEFT ITEM= 15
TIME_LEFT ITEM= 15
TIME_LEFT ITEM= 15
TIME_LEFT ITEM= 15
TIME_LEFT ITEM= 14
TIME_LEFT ITEM= 14
TIME_LEFT ITEM= 13
TIME_LEFT ITEM= 13
VIEW
TIME_LEFT ITEM= 12
TIME_LEFT ITEM= 12
BID
PASS
error
error
TIME_LEFT ITEM= 11
TIME_LEFT ITEM= 11
BID
PASS
error
error
TIME_LEFT ITEM= 10
TIME_LEFT ITEM= 10
TIME_LEFT ITEM= 9
TIME_LEFT ITEM= 9
TIME_LEFT ITEM= 8
TIME_LEFT ITEM= 8
TIME_LEFT ITEM= 7
TIME_LEFT ITEM= 7
TIME_LEFT ITEM= 6
TIME_LEFT ITEM= 6
BID
error
error
TIME_LEFT ITEM= 5
TIME_LEFT ITEM= 5
TIME_LEFT ITEM= 4
TIME_LEFT ITEM= 4
TIME_LEFT ITEM= 3
TIME_LEFT ITEM= 3
TIME_LEFT ITEM= 2
TIME_LEFT ITEM= 2
TIME_LEFT ITEM= 1
TIME_LEFT ITEM= 1
AUCTION_START ITEM= Phone
TIME_LEFT ITEM= 19
TIME_LEFT ITEM= 19
TIME_LEFT ITEM= 18
TIME_LEFT ITEM= 18
TIME_LEFT ITEM= 17
TIME_LEFT ITEM= 17
TIME_LEFT ITEM= 16
TIME_LEFT ITEM= 16
TIME_LEFT ITEM= 15
TIME_LEFT ITEM= 15
TIME_LEFT ITEM= 14
TIME_LEFT ITEM= 14
TIME_LEFT ITEM= 13
TIME_LEFT ITEM= 13
TIME_LEFT ITEM= 12
TIME_LEFT ITEM= 12
TIME_LEFT ITEM= 11
TIME_LEFT ITEM= 11
TIME_LEFT ITEM= 10
TIME_LEFT ITEM= 10
TIME_LEFT ITEM= 9
TIME_LEFT ITEM= 9
TIME_LEFT ITEM= 8
TIME_LEFT ITEM= 8
TIME_LEFT ITEM= 7
TIME_LEFT ITEM= 7
TIME_LEFT ITEM= 6
TIME_LEFT ITEM= 6
TIME_LEFT ITEM= 5
TIME_LEFT ITEM= 5
TIME_LEFT ITEM= 4
TIME_LEFT ITEM= 4
TIME_LEFT ITEM= 3
TIME_LEFT ITEM= 3
TIME_LEFT ITEM= 3
TIME_LEFT ITEM= 3
TIME_LEFT ITEM= 2
TIME_LEFT ITEM= 2
TIME_LEFT ITEM= 1
TIME_LEFT ITEM= 1
AUCTION_START ITEM= Tablet
TIME_LEFT ITEM= 19
TIME_LEFT ITEM= 19
TIME_LEFT ITEM= 18
TIME_LEFT ITEM= 18
TIME_LEFT ITEM= 17
TIME_LEFT ITEM= 17
TIME_LEFT ITEM= 16
TIME_LEFT ITEM= 16
TIME_LEFT ITEM= 15
TIME_LEFT ITEM= 15
TIME_LEFT ITEM= 14
TIME_LEFT ITEM= 14
TIME_LEFT ITEM= 13
TIME_LEFT ITEM= 13
TIME_LEFT ITEM= 12
TIME_LEFT ITEM= 12
TIME_LEFT ITEM= 11
TIME_LEFT ITEM= 11
TIME_LEFT ITEM= 10
TIME_LEFT ITEM= 10
TIME_LEFT ITEM= 9
TIME_LEFT ITEM= 9
TIME_LEFT ITEM= 8
TIME_LEFT ITEM= 8
TIME_LEFT ITEM= 7
TIME_LEFT ITEM= 7
TIME_LEFT ITEM= 6
TIME_LEFT ITEM= 6
TIME_LEFT ITEM= 5
TIME_LEFT ITEM= 5
TIME_LEFT ITEM= 4
TIME_LEFT ITEM= 4
TIME_LEFT ITEM= 3
TIME_LEFT ITEM= 3
TIME_LEFT ITEM= 2
TIME_LEFT ITEM= 2
TIME_LEFT ITEM= 1
TIME_LEFT ITEM= 1
error
error
error
SERVER_CLOSED
